QUALITY_SOURCE
---src/main/java/com/example/charging/domain/ChargingSession.java
package com.example.charging.domain;

import jakarta.persistence.Column;
import jakarta.persistence.Entity;
import jakarta.persistence.EnumType;
import jakarta.persistence.Enumerated;
import jakarta.persistence.GeneratedValue;
import jakarta.persistence.GenerationType;
import jakarta.persistence.Id;
import jakarta.persistence.Table;
import java.math.BigDecimal;
import java.time.Instant;

@Entity
@Table(name = "charging_session")
public class ChargingSession {

    @Id
    @GeneratedValue(strategy = GenerationType.IDENTITY)
    @Column(name = "id")
    private Long id;

    @Column(name = "session_id", nullable = false, unique = true)
    private String sessionId;

    @Column(name = "charger_id", nullable = false)
    private String chargerId;

    @Enumerated(EnumType.STRING)
    @Column(name = "status", nullable = false)
    private ChargingSessionStatus status;

    @Column(name = "battery_level")
    private Integer batteryLevel;

    @Column(name = "charged_kwh", precision = 12, scale = 3)
    private BigDecimal chargedKwh;

    @Column(name = "last_sequence", nullable = false)
    private long lastSequence;

    @Column(name = "started_at")
    private Instant startedAt;

    @Column(name = "completed_at")
    private Instant completedAt;

    @Column(name = "created_at", nullable = false)
    private Instant createdAt;

    @Column(name = "updated_at", nullable = false)
    private Instant updatedAt;

    protected ChargingSession() {
    }

    public Long getId() {
        return id;
    }

    public String getSessionId() {
        return sessionId;
    }

    public String getChargerId() {
        return chargerId;
    }

    public ChargingSessionStatus getStatus() {
        return status;
    }

    public Integer getBatteryLevel() {
        return batteryLevel;
    }

    public BigDecimal getChargedKwh() {
        return chargedKwh;
    }

    public long getLastSequence() {
        return lastSequence;
    }

    public Instant getStartedAt() {
        return startedAt;
    }

    public Instant getCompletedAt() {
        return completedAt;
    }

    public Instant getCreatedAt() {
        return createdAt;
    }

    public Instant getUpdatedAt() {
        return updatedAt;
    }
}
---src/main/java/com/example/charging/domain/ChargingSessionStatus.java
package com.example.charging.domain;

public enum ChargingSessionStatus {
    CHARGING,
    COMPLETED,
    FAILED
}
---src/main/java/com/example/charging/domain/ChargingEvent.java
package com.example.charging.domain;

import jakarta.persistence.Column;
import jakarta.persistence.Entity;
import jakarta.persistence.EnumType;
import jakarta.persistence.Enumerated;
import jakarta.persistence.GeneratedValue;
import jakarta.persistence.GenerationType;
import jakarta.persistence.Id;
import jakarta.persistence.Table;
import java.math.BigDecimal;
import java.time.Instant;

@Entity
@Table(name = "charging_event")
public class ChargingEvent {

    @Id
    @GeneratedValue(strategy = GenerationType.IDENTITY)
    @Column(name = "id")
    private Long id;

    @Column(name = "event_id", nullable = false, unique = true)
    private String eventId;

    @Column(name = "session_id", nullable = false)
    private String sessionId;

    @Column(name = "charger_id", nullable = false)
    private String chargerId;

    @Enumerated(EnumType.STRING)
    @Column(name = "event_type", nullable = false)
    private ChargingEventType eventType;

    @Column(name = "sequence", nullable = false)
    private long sequence;

    @Column(name = "battery_level")
    private Integer batteryLevel;

    @Column(name = "charged_kwh", precision = 12, scale = 3)
    private BigDecimal chargedKwh;

    @Column(name = "occurred_at", nullable = false)
    private Instant occurredAt;

    @Column(name = "processed_at", nullable = false)
    private Instant processedAt;

    protected ChargingEvent() {
    }

    public Long getId() {
        return id;
    }

    public String getEventId() {
        return eventId;
    }

    public String getSessionId() {
        return sessionId;
    }

    public String getChargerId() {
        return chargerId;
    }

    public ChargingEventType getEventType() {
        return eventType;
    }

    public long getSequence() {
        return sequence;
    }

    public Integer getBatteryLevel() {
        return batteryLevel;
    }

    public BigDecimal getChargedKwh() {
        return chargedKwh;
    }

    public Instant getOccurredAt() {
        return occurredAt;
    }

    public Instant getProcessedAt() {
        return processedAt;
    }
}
---src/main/java/com/example/charging/domain/ChargingEventType.java
package com.example.charging.domain;

public enum ChargingEventType {
    CHARGING_STARTED,
    CHARGING_PROGRESS,
    CHARGING_COMPLETED,
    CHARGING_FAILED
}
FORBIDDEN
LOC
src/main/java/com/example/charging/domain/ChargingSession.java 75
src/main/java/com/example/charging/domain/ChargingSessionStatus.java 6
src/main/java/com/example/charging/domain/ChargingEvent.java 70
src/main/java/com/example/charging/domain/ChargingEventType.java 7
TEST
> Task :compileJava UP-TO-DATE
> Task :processResources UP-TO-DATE
> Task :classes UP-TO-DATE
> Task :compileTestJava NO-SOURCE
> Task :processTestResources NO-SOURCE
> Task :testClasses UP-TO-DATE
> Task :test NO-SOURCE

BUILD SUCCESSFUL in 797ms
2 actionable tasks: 2 up-to-date
DIFF
