^D

[2A[1m<[0;1m-------------> 0% CONFIGURING [23ms][m[37D[1B[1m> root project > Resolve dependencies of classpath[m[50D[1B[2A[1m<[0;32;1m=============[0;39;1m> 100% CONFIGURING [122ms][m[40D[1B> IDLE[0K[6D[1B[2A[1m<[0;32;1m==========[0;39;1m---> 80% EXECUTING [220ms][m[0K[37D[1B[1m> :bootRun[m[10D[1B[2A[1m<[0;32;1m==========[0;39;1m---> 80% EXECUTING [321ms][m[37D[2B[2A[1m<[0;32;1m==========[0;39;1m---> 80% EXECUTING [422ms][m[37D[2B[2A[1m<[0;32;1m==========[0;39;1m---> 80% EXECUTING [521ms][m[37D[2B[2A[1m<[0;32;1m==========[0;39;1m---> 80% EXECUTING [619ms][m[37D[2B[2A[1m<[0;32;1m==========[0;39;1m---> 80% EXECUTING [722ms][m[37D[2B[2A[1m<[0;32;1m==========[0;39;1m---> 80% EXECUTING [820ms][m[37D[2B[2A[1m<[0;32;1m==========[0;39;1m---> 80% EXECUTING [919ms][m[37D[2B[2A[1m<[0;32;1m==========[0;39;1m---> 80% EXECUTING [1s][m[0K[34D[2B[2A[1m<[0;32;1m==========[0;39;1m---> 80% EXECUTING [2s][m[34D[2B[2A[0K
[1m> Task :bootRun[m[0K

  .   ____          _            __ _ _
 /\\ / ___'_ __ _ _(_)_ __  __ _ \ \ \ \
( ( )\___ | '_ | '_| | '_ \/ _` | \ \ \ \
 \\/  ___)| |_)| | | | | || (_| |  ) ) ) )
  '  |____| .__|_| |_|_| |_\__, | / / / /
 =========|_|==============|___/=/_/_/_/

 :: Spring Boot ::                (v3.5.5)

2026-08-13T00:39:45.337+09:00  INFO 44871 --- [evcharging] [           main] c.example.charging.ChargingApplication   : Starting ChargingApplication using Java 21.0.12 with PID 44871 (/Users/yanghaechan/orca/projects/evcharging/build/classes/java/main started by yanghaechan in /Users/yanghaechan/orca/projects/evcharging)
2026-08-13T00:39:45.339+09:00  INFO 44871 --- [evcharging] [           main] c.example.charging.ChargingApplication   : No active profile set, falling back to 1 default profile: "default"
2026-08-13T00:39:45.511+09:00  INFO 44871 --- [evcharging] [           main] .s.d.r.c.RepositoryConfigurationDelegate : Bootstrapping Spring Data JPA repositories in DEFAULT mode.
2026-08-13T00:39:45.517+09:00  INFO 44871 --- [evcharging] [           main] .s.d.r.c.RepositoryConfigurationDelegate : Finished Spring Data repository scanning in 3 ms. Found 0 JPA repository interfaces.
2026-08-13T00:39:45.662+09:00  INFO 44871 --- [evcharging] [           main] o.s.b.w.embedded.tomcat.TomcatWebServer  : Tomcat initialized with port 18081 (http)
2026-08-13T00:39:45.667+09:00  INFO 44871 --- [evcharging] [           main] o.apache.catalina.core.StandardService   : Starting service [Tomcat]
2026-08-13T00:39:45.667+09:00  INFO 44871 --- [evcharging] [           main] o.apache.catalina.core.StandardEngine    : Starting Servlet engine: [Apache Tomcat/10.1.44]
2026-08-13T00:39:45.685+09:00  INFO 44871 --- [evcharging] [           main] o.a.c.c.C.[Tomcat].[localhost].[/]       : Initializing Spring embedded WebApplicationContext
2026-08-13T00:39:45.685+09:00  INFO 44871 --- [evcharging] [           main] w.s.c.ServletWebServerApplicationContext : Root WebApplicationContext: initialization completed in 330 ms
2026-08-13T00:39:45.755+09:00  INFO 44871 --- [evcharging] [           main] com.zaxxer.hikari.HikariDataSource       : HikariPool-1 - Starting...
2026-08-13T00:39:45.809+09:00  INFO 44871 --- [evcharging] [           main] com.zaxxer.hikari.pool.HikariPool        : HikariPool-1 - Added connection org.postgresql.jdbc.PgConnection@14b528b6
2026-08-13T00:39:45.809+09:00  INFO 44871 --- [evcharging] [           main] com.zaxxer.hikari.HikariDataSource       : HikariPool-1 - Start completed.
2026-08-13T00:39:45.826+09:00  INFO 44871 --- [evcharging] [           main] org.flywaydb.core.FlywayExecutor         : Database: jdbc:postgresql://localhost:5432/qa_f3_20260813003836_44324 (PostgreSQL 16.14)
2026-08-13T00:39:45.848+09:00  INFO 44871 --- [evcharging] [           main] o.f.core.internal.command.DbValidate     : Successfully validated 1 migration (execution time 00:00.009s)
2026-08-13T00:39:45.871+09:00  INFO 44871 --- [evcharging] [           main] o.f.core.internal.command.DbMigrate      : Current version of schema "public": 1
2026-08-13T00:39:45.872+09:00  INFO 44871 --- [evcharging] [           main] o.f.core.internal.command.DbMigrate      : Schema "public" is up to date. No migration necessary.
2026-08-13T00:39:45.894+09:00  INFO 44871 --- [evcharging] [           main] o.hibernate.jpa.internal.util.LogHelper  : HHH000204: Processing PersistenceUnitInfo [name: default]
2026-08-13T00:39:45.906+09:00  INFO 44871 --- [evcharging] [           main] org.hibernate.Version                    : HHH000412: Hibernate ORM core version 6.6.26.Final
2026-08-13T00:39:45.914+09:00  INFO 44871 --- [evcharging] [           main] o.h.c.internal.RegionFactoryInitiator    : HHH000026: Second-level cache disabled
2026-08-13T00:39:45.983+09:00  INFO 44871 --- [evcharging] [           main] o.s.o.j.p.SpringPersistenceUnitInfo      : No LoadTimeWeaver setup: ignoring JPA class transformer
2026-08-13T00:39:46.010+09:00  INFO 44871 --- [evcharging] [           main] org.hibernate.orm.connections.pooling    : HHH10001005: Database info:
        Database JDBC URL [Connecting through datasource 'HikariDataSource (HikariPool-1)']
        Database driver: undefined/unknown
        Database version: 16.14
        Autocommit mode: undefined/unknown
        Isolation level: undefined/unknown
        Minimum pool size: undefined/unknown
        Maximum pool size: undefined/unknown
2026-08-13T00:39:46.098+09:00  INFO 44871 --- [evcharging] [           main] o.h.e.t.j.p.i.JtaPlatformInitiator       : HHH000489: No JTA platform available (set 'hibernate.transaction.jta.platform' to enable JTA platform integration)
2026-08-13T00:39:46.100+09:00  INFO 44871 --- [evcharging] [           main] j.LocalContainerEntityManagerFactoryBean : Initialized JPA EntityManagerFactory for persistence unit 'default'
2026-08-13T00:39:46.249+09:00  INFO 44871 --- [evcharging] [           main] o.s.b.w.embedded.tomcat.TomcatWebServer  : Tomcat started on port 18081 (http) with context path '/'
2026-08-13T00:39:46.252+09:00  INFO 44871 --- [evcharging] [           main] c.example.charging.ChargingApplication   : Started ChargingApplication in 1.046 seconds (process running for 1.137)
2026-08-13T00:39:46.258+09:00  INFO 44871 --- [evcharging] [           main] o.a.k.clients.admin.AdminClientConfig    : AdminClientConfig values: 
        auto.include.jmx.reporter = true
        bootstrap.controllers = []
        bootstrap.servers = [localhost:9092]
        client.dns.lookup = use_all_dns_ips
        client.id = evcharging-admin-0
        connections.max.idle.ms = 300000
        default.api.timeout.ms = 3000
        enable.metrics.push = true
        metadata.max.age.ms = 300000
        metadata.recovery.strategy = none
        metric.reporters = []
        metrics.num.samples = 2
        metrics.recording.level = INFO
        metrics.sample.window.ms = 30000
        receive.buffer.bytes = 65536
        reconnect.backoff.max.ms = 1000
        reconnect.backoff.ms = 50
        request.timeout.ms = 3000
        retries = 0
        retry.backoff.max.ms = 1000
        retry.backoff.ms = 100
        sasl.client.callback.handler.class = null
        sasl.jaas.config = null
        sasl.kerberos.kinit.cmd = /usr/bin/kinit
        sasl.kerberos.min.time.before.relogin = 60000
        sasl.kerberos.service.name = null
        sasl.kerberos.ticket.renew.jitter = 0.05
        sasl.kerberos.ticket.renew.window.factor = 0.8
        sasl.login.callback.handler.class = null
        sasl.login.class = null
        sasl.login.connect.timeout.ms = null
        sasl.login.read.timeout.ms = null
        sasl.login.refresh.buffer.seconds = 300
        sasl.login.refresh.min.period.seconds = 60
        sasl.login.refresh.window.factor = 0.8
        sasl.login.refresh.window.jitter = 0.05
        sasl.login.retry.backoff.max.ms = 10000
        sasl.login.retry.backoff.ms = 100
        sasl.mechanism = GSSAPI
        sasl.oauthbearer.clock.skew.seconds = 30
        sasl.oauthbearer.expected.audience = null
        sasl.oauth