> Task :compileJava UP-TO-DATE
> Task :processResources UP-TO-DATE
> Task :classes UP-TO-DATE
> Task :resolveMainClassName UP-TO-DATE

> Task :bootRun

  .   ____          _            __ _ _
 /\\ / ___'_ __ _ _(_)_ __  __ _ \ \ \ \
( ( )\___ | '_ | '_| | '_ \/ _` | \ \ \ \
 \\/  ___)| |_)| | | | | || (_| |  ) ) ) )
  '  |____| .__|_| |_|_| |_\__, | / / / /
 =========|_|==============|___/=/_/_/_/

 :: Spring Boot ::                (v3.5.5)

2026-08-13T00:39:06.831+09:00  INFO 44620 --- [evcharging] [           main] c.example.charging.ChargingApplication   : Starting ChargingApplication using Java 21.0.12 with PID 44620 (/Users/yanghaechan/orca/projects/evcharging/build/classes/java/main started by yanghaechan in /Users/yanghaechan/orca/projects/evcharging)
2026-08-13T00:39:06.832+09:00  INFO 44620 --- [evcharging] [           main] c.example.charging.ChargingApplication   : No active profile set, falling back to 1 default profile: "default"
2026-08-13T00:39:07.020+09:00  INFO 44620 --- [evcharging] [           main] .s.d.r.c.RepositoryConfigurationDelegate : Bootstrapping Spring Data JPA repositories in DEFAULT mode.
2026-08-13T00:39:07.026+09:00  INFO 44620 --- [evcharging] [           main] .s.d.r.c.RepositoryConfigurationDelegate : Finished Spring Data repository scanning in 3 ms. Found 0 JPA repository interfaces.
2026-08-13T00:39:07.189+09:00  INFO 44620 --- [evcharging] [           main] o.s.b.w.embedded.tomcat.TomcatWebServer  : Tomcat initialized with port 8080 (http)
2026-08-13T00:39:07.195+09:00  INFO 44620 --- [evcharging] [           main] o.apache.catalina.core.StandardService   : Starting service [Tomcat]
2026-08-13T00:39:07.195+09:00  INFO 44620 --- [evcharging] [           main] o.apache.catalina.core.StandardEngine    : Starting Servlet engine: [Apache Tomcat/10.1.44]
2026-08-13T00:39:07.214+09:00  INFO 44620 --- [evcharging] [           main] o.a.c.c.C.[Tomcat].[localhost].[/]       : Initializing Spring embedded WebApplicationContext
2026-08-13T00:39:07.214+09:00  INFO 44620 --- [evcharging] [           main] w.s.c.ServletWebServerApplicationContext : Root WebApplicationContext: initialization completed in 371 ms
2026-08-13T00:39:07.306+09:00  INFO 44620 --- [evcharging] [           main] com.zaxxer.hikari.HikariDataSource       : HikariPool-1 - Starting...
2026-08-13T00:39:07.374+09:00  INFO 44620 --- [evcharging] [           main] com.zaxxer.hikari.pool.HikariPool        : HikariPool-1 - Added connection org.postgresql.jdbc.PgConnection@696b52bc
2026-08-13T00:39:07.375+09:00  INFO 44620 --- [evcharging] [           main] com.zaxxer.hikari.HikariDataSource       : HikariPool-1 - Start completed.
2026-08-13T00:39:07.393+09:00  INFO 44620 --- [evcharging] [           main] org.flywaydb.core.FlywayExecutor         : Database: jdbc:postgresql://localhost:5432/evcharging_f3 (PostgreSQL 16.14)
2026-08-13T00:39:07.415+09:00  INFO 44620 --- [evcharging] [           main] o.f.c.i.s.JdbcTableSchemaHistory         : Schema history table "public"."flyway_schema_history" does not exist yet
2026-08-13T00:39:07.416+09:00  INFO 44620 --- [evcharging] [           main] o.f.core.internal.command.DbValidate     : Successfully validated 1 migration (execution time 00:00.007s)
2026-08-13T00:39:07.424+09:00  INFO 44620 --- [evcharging] [           main] org.flywaydb.core.Flyway                 : All configured schemas are empty; baseline operation skipped. A baseline or migration script with a lower version than the baseline version may execute if available. Check the Schemas parameter if this is not intended.
2026-08-13T00:39:07.427+09:00  INFO 44620 --- [evcharging] [           main] o.f.c.i.s.JdbcTableSchemaHistory         : Creating Schema History table "public"."flyway_schema_history" ...
2026-08-13T00:39:07.462+09:00  INFO 44620 --- [evcharging] [           main] o.f.core.internal.command.DbMigrate      : Current version of schema "public": << Empty Schema >>
2026-08-13T00:39:07.466+09:00  INFO 44620 --- [evcharging] [           main] o.f.core.internal.command.DbMigrate      : Migrating schema "public" to version "1 - create charging tables"
2026-08-13T00:39:07.494+09:00  INFO 44620 --- [evcharging] [           main] o.f.core.internal.command.DbMigrate      : Successfully applied 1 migration to schema "public", now at version v1 (execution time 00:00.018s)
2026-08-13T00:39:07.533+09:00  INFO 44620 --- [evcharging] [           main] o.hibernate.jpa.internal.util.LogHelper  : HHH000204: Processing PersistenceUnitInfo [name: default]
2026-08-13T00:39:07.561+09:00  INFO 44620 --- [evcharging] [           main] org.hibernate.Version                    : HHH000412: Hibernate ORM core version 6.6.26.Final
2026-08-13T00:39:07.575+09:00  INFO 44620 --- [evcharging] [           main] o.h.c.internal.RegionFactoryInitiator    : HHH000026: Second-level cache disabled
2026-08-13T00:39:07.681+09:00  INFO 44620 --- [evcharging] [           main] o.s.o.j.p.SpringPersistenceUnitInfo      : No LoadTimeWeaver setup: ignoring JPA class transformer
2026-08-13T00:39:07.714+09:00  INFO 44620 --- [evcharging] [           main] org.hibernate.orm.connections.pooling    : HHH10001005: Database info:
	Database JDBC URL [Connecting through datasource 'HikariDataSource (HikariPool-1)']
	Database driver: undefined/unknown
	Database version: 16.14
	Autocommit mode: undefined/unknown
	Isolation level: undefined/unknown
	Minimum pool size: undefined/unknown
	Maximum pool size: undefined/unknown
2026-08-13T00:39:07.844+09:00  INFO 44620 --- [evcharging] [           main] o.h.e.t.j.p.i.JtaPlatformInitiator       : HHH000489: No JTA platform available (set 'hibernate.transaction.jta.platform' to enable JTA platform integration)
2026-08-13T00:39:07.846+09:00  INFO 44620 --- [evcharging] [           main] j.LocalContainerEntityManagerFactoryBean : Initialized JPA EntityManagerFactory for persistence unit 'default'
2026-08-13T00:39:08.093+09:00  INFO 44620 --- [evcharging] [           main] o.s.b.w.embedded.tomcat.TomcatWebServer  : Tomcat started on port 8080 (http) with context path '/'
2026-08-13T00:39:08.098+09:00  INFO 44620 --- [evcharging] [           main] c.example.charging.ChargingApplication   : Started ChargingApplication in 1.4 seconds (process running for 1.505)
2026-08-13T00:39:08.109+09:00  INFO 44620 --- [evcharging] [           main] o.a.k.clients.admin.AdminClientConfig    : AdminClientConfig values: 
	auto.include.jmx.reporter = true
	bootstrap.controllers = []
	bootstrap.servers = [localhost:9092]
	client.dns.lookup = use_all_dns_ips
	client.id = evcharging-admin-0
	connections.max.idle.ms = 300000
	default.api.timeout.ms = 3000
	enable.metrics.push = true
	metadata.max.age.ms = 300000
	metadata.recovery.strategy = none
	metric.reporters = []
	metrics.num.samples = 2
	metrics.recording.level = INFO
	metrics.sample.window.ms = 30000
	receive.buffer.bytes = 65536
	reconnect.backoff.max.ms = 1000
	reconnect.backoff.ms = 50
	request.timeout.ms = 3000
	retries = 0
	retry.backoff.max.ms = 1000
	retry.backoff.ms = 100
	sasl.client.callback.handler.class = null
	sasl.jaas.config = null
	sasl.kerberos.kinit.cmd = /usr/bin/kinit
	sasl.kerberos.min.time.before.relogin = 60000
	sasl.kerberos.service.name = null
	sasl.kerberos.ticket.renew.jitter = 0.05
	sasl.kerberos.ticket.renew.window.factor = 0.8
	sasl.login.callback.handler.class = null
	sasl.login.class = null
	sasl.login.connect.timeout.ms = null
	sasl.login.read.timeout.ms = null
	sasl.login.refresh.buffer.seconds = 300
	sasl.login.refresh.min.period.seconds = 60
	sasl.login.refresh.window.factor = 0.8
	sasl.login.refresh.window.jitter = 0.05
	sasl.login.retry.backoff.max.ms = 10000
	sasl.login.retry.backoff.ms = 100
	sasl.mechanism = GSSAPI
	sasl.oauthbearer.clock.skew.seconds = 30
	sasl.oauthbearer.expected.audience = null
	sasl.oauthbearer.expected.issuer = null
	sasl.oauthbearer.header.urlencode = false
	sasl.oauthbearer.jwks.endpoint.refresh.ms = 3600000
	sasl.oauthbearer.jwks.endpoint.retry.backoff.max.ms = 10000
	sasl.oauthbearer.jwks.endpoint.retry.backoff.ms = 100
	sasl.oauthbearer.jwks.endpoint.url = null
	sasl.oauthbearer.scope.claim.name = scope
	sasl.oauthbearer.sub.claim.name = sub
	sasl.oauthbearer.token.endpoint.url = null
	security.protocol = PLAINTEXT
	security.providers = null
	send.buffer.bytes = 131072
	socket.connection.setup.timeout.max.ms = 30000
	socket.connection.setup.timeout.ms = 10000
	ssl.cipher.suites = null
	ssl.enabled.protocols = [TLSv1.2, TLSv1.3]
	ssl.endpoint.identification.algorithm = https
	ssl.engine.factory.class = null
	ssl.key.password = null
	ssl.keymanager.algorithm = SunX509
	ssl.keystore.certificate.chain = null
	ssl.keystore.key = null
	ssl.keystore.location = null
	ssl.keystore.password = null
	ssl.keystore.type = JKS
	ssl.protocol = TLSv1.3
	ssl.provider = null
	ssl.secure.random.implementation = null
	ssl.trustmanager.algorithm = PKIX
	ssl.truststore.certificates = null
	ssl.truststore.location = null
	ssl.truststore.password = null
	ssl.truststore.type = JKS

2026-08-13T00:39:08.162+09:00  INFO 44620 --- [evcharging] [           main] o.a.kafka.common.utils.AppInfoParser     : Kafka version: 3.9.1
2026-08-13T00:39:08.162+09:00  INFO 44620 --- [evcharging] [           main] o.a.kafka.common.utils.AppInfoParser     : Kafka commitId: f745dfdcee2b9851
2026-08-13T00:39:08.162+09:00  INFO 44620 --- [evcharging] [           main] o.a.kafka.common.utils.AppInfoParser     : Kafka startTimeMs: 1786549148162
2026-08-13T00:39:08.303+09:00  INFO 44620 --- [evcharging] [harging-admin-0] o.a.kafka.common.utils.AppInfoParser     : App info kafka.admin.client for evcharging-admin-0 unregistered
2026-08-13T00:39:08.305+09:00  INFO 44620 --- [evcharging] [harging-admin-0] o.apache.kafka.common.metrics.Metrics    : Metrics scheduler closed
2026-08-13T00:39:08.305+09:00  INFO 44620 --- [evcharging] [harging-admin-0] o.apache.kafka.common.metrics.Metrics    : Closing reporter org.apache.kafka.common.metrics.JmxReporter
2026-08-13T00:39:08.305+09:00  INFO 44620 --- [evcharging] [harging-admin-0] o.apache.kafka.common.metrics.Metrics    : Metrics reporters closed
